******************************************************************************
                  TI ARM Linker Unix v16.9.3                   
******************************************************************************
>> Linked Wed Jan 17 14:48:07 2018

OUTPUT FILE NAME:   <LAB1.out>
ENTRY POINT SYMBOL: "_c_int00"  address: 00000869


MEMORY CONFIGURATION

         name            origin    length      used     unused   attr    fill
----------------------  --------  ---------  --------  --------  ----  --------
  FLASH                 00000000   00040000  00000a86  0003f57a  R  X
  SRAM                  20000000   00008000  0000021c  00007de4  RW X


SEGMENT ALLOCATION MAP

run origin  load origin   length   init length attrs members
----------  ----------- ---------- ----------- ----- -------
00000000    00000000    00000a88   00000a88    r-x
  00000000    00000000    0000026c   0000026c    r-- .intvecs
  0000026c    0000026c    000007e2   000007e2    r-x .text
  00000a50    00000a50    00000038   00000038    r-- .cinit
20000000    20000000    0000021c   00000000    rw-
  20000000    20000000    00000200   00000000    rw- .stack
  20000200    20000200    00000018   00000000    rw- .data
  20000218    20000218    00000004   00000000    rw- .bss


SECTION ALLOCATION MAP

 output                                  attributes/
section   page    origin      length       input sections
--------  ----  ----------  ----------   ----------------
.intvecs   0    00000000    0000026c     
                  00000000    0000026c     tm4c123gh6pm_startup_ccs.obj (.intvecs)

.text      0    0000026c    000007e2     
                  0000026c    000001e4     lab1-1.obj (.text)
                  00000450    00000132     driverlib.lib : gpio.obj (.text:GPIOPadConfigSet)
                  00000582    00000002     rtsv7M4_T_le_v4SPD16_eabi.lib : mpu_init.obj (.text)
                  00000584    000000f4     driverlib.lib : sysctl.obj (.text:SysCtlClockSet)
                  00000678    0000009c     rtsv7M4_T_le_v4SPD16_eabi.lib : memcpy_t2.obj (.text)
                  00000714    0000007a                                   : memset_t2.obj (.text)
                  0000078e    00000002                                   : startup.obj (.text)
                  00000790    00000070                                   : autoinit.obj (.text)
                  00000800    00000068                                   : copy_decompress_lzss.obj (.text:decompress:lzss)
                  00000868    00000054                                   : boot.obj (.text)
                  000008bc    00000054                                   : exit.obj (.text)
                  00000910    0000004c                                   : cpy_tbl.obj (.text)
                  0000095c    00000034     driverlib.lib : sysctl.obj (.text:SysCtlPeripheralEnable)
                  00000990    0000002a                   : gpio.obj (.text:GPIODirModeSet)
                  000009ba    00000018                   : gpio.obj (.text:GPIOPinTypeGPIOOutput)
                  000009d2    00000002     --HOLE-- [fill = 0]
                  000009d4    00000018     rtsv7M4_T_le_v4SPD16_eabi.lib : args_main.obj (.text)
                  000009ec    00000014                                   : _lock.obj (.text)
                  00000a00    00000012     driverlib.lib : gpio.obj (.text:GPIOPinTypeGPIOInput)
                  00000a12    0000000e     rtsv7M4_T_le_v4SPD16_eabi.lib : copy_decompress_none.obj (.text:decompress:none)
                  00000a20    0000000c                                   : copy_zero_init.obj (.text:decompress:ZI)
                  00000a2c    0000000c     tm4c123gh6pm_startup_ccs.obj (.text)
                  00000a38    00000006     driverlib.lib : gpio.obj (.text:GPIOPinRead)
                  00000a3e    00000006                   : gpio.obj (.text:GPIOPinWrite)
                  00000a44    00000006                   : sysctl.obj (.text:SysCtlDelay)
                  00000a4a    00000004     rtsv7M4_T_le_v4SPD16_eabi.lib : pre_init.obj (.text)

.cinit     0    00000a50    00000038     
                  00000a50    00000011     (.cinit..data.load) [load image, compression = lzss]
                  00000a61    00000003     --HOLE-- [fill = 0]
                  00000a64    0000000c     (__TI_handler_table)
                  00000a70    00000008     (.cinit..bss.load) [load image, compression = zero_init]
                  00000a78    00000010     (__TI_cinit_table)

.init_array 
*          0    00000000    00000000     UNINITIALIZED

.data      0    20000200    00000018     UNINITIALIZED
                  20000200    0000000c     rtsv7M4_T_le_v4SPD16_eabi.lib : exit.obj (.data:$O1$$)
                  2000020c    00000008                                   : _lock.obj (.data:$O1$$)
                  20000214    00000004                                   : stkdepth_vars.obj (.data)

.bss       0    20000218    00000004     UNINITIALIZED
                  20000218    00000004     lab1-1.obj (.bss)

.stack     0    20000000    00000200     UNINITIALIZED
                  20000000    00000200     --HOLE--

MODULE SUMMARY

       Module                         code   ro data   rw data
       ------                         ----   -------   -------
    ./
       tm4c123gh6pm_startup_ccs.obj   12     620       0      
       lab1-1.obj                     484    0         4      
    +--+------------------------------+------+---------+---------+
       Total:                         496    620       4      
                                                              
    ../driverlib.lib
       gpio.obj                       402    0         0      
       sysctl.obj                     302    0         0      
    +--+------------------------------+------+---------+---------+
       Total:                         704    0         0      
                                                              
    /opt/ti/ccsv7/tools/compiler/ti-cgt-arm_16.9.3.LTS/lib/rtsv7M4_T_le_v4SPD16_eabi.lib
       memcpy_t2.obj                  156    0         0      
       memset_t2.obj                  122    0         0      
       autoinit.obj                   112    0         0      
       copy_decompress_lzss.obj       104    0         0      
       exit.obj                       84     0         12     
       boot.obj                       84     0         0      
       cpy_tbl.obj                    76     0         0      
       _lock.obj                      20     0         8      
       args_main.obj                  24     0         0      
       copy_decompress_none.obj       14     0         0      
       copy_zero_init.obj             12     0         0      
       pre_init.obj                   4      0         0      
       stkdepth_vars.obj              0      0         4      
       mpu_init.obj                   2      0         0      
       startup.obj                    2      0         0      
    +--+------------------------------+------+---------+---------+
       Total:                         816    0         24     
                                                              
       Stack:                         0      0         512    
       Linker Generated:              0      53        0      
    +--+------------------------------+------+---------+---------+
       Grand Total:                   2016   673       540    


LINKER GENERATED COPY TABLES

__TI_cinit_table @ 00000a78 records: 2, size/record: 8, table size: 16
	.data: load addr=00000a50, load size=00000011 bytes, run addr=20000200, run size=00000018 bytes, compression=lzss
	.bss: load addr=00000a70, load size=00000008 bytes, run addr=20000218, run size=00000004 bytes, compression=zero_init


LINKER GENERATED HANDLER TABLE

__TI_handler_table @ 00000a64 records: 3, size/record: 4, table size: 12
	index: 0, handler: __TI_decompress_lzss
	index: 1, handler: __TI_decompress_none
	index: 2, handler: __TI_zero_init


GLOBAL SYMBOLS: SORTED ALPHABETICALLY BY Name 

address   name                           
-------   ----                           
000008bd  C$$EXIT                        
00000991  GPIODirModeSet                 
00000451  GPIOPadConfigSet               
00000a39  GPIOPinRead                    
00000a01  GPIOPinTypeGPIOInput           
000009bb  GPIOPinTypeGPIOOutput          
00000a3f  GPIOPinWrite                   
00000a2d  ResetISR                       
UNDEFED   SHT$$INIT_ARRAY$$Base          
UNDEFED   SHT$$INIT_ARRAY$$Limit         
00000585  SysCtlClockSet                 
00000a45  SysCtlDelay                    
0000095d  SysCtlPeripheralEnable         
20000200  __STACK_END                    
00000200  __STACK_SIZE                   
20000200  __STACK_TOP                    
00000a78  __TI_CINIT_Base                
00000a88  __TI_CINIT_Limit               
00000a64  __TI_Handler_Table_Base        
00000a70  __TI_Handler_Table_Limit       
00000791  __TI_auto_init                 
20000200  __TI_cleanup_ptr               
00000801  __TI_decompress_lzss           
00000a13  __TI_decompress_none           
20000204  __TI_dtors_ptr                 
20000208  __TI_enable_exit_profile_output
ffffffff  __TI_pprof_out_hndl            
ffffffff  __TI_prof_data_size            
ffffffff  __TI_prof_data_start           
00000000  __TI_static_base__             
00000a21  __TI_zero_init                 
00000715  __aeabi_memclr                 
00000715  __aeabi_memclr4                
00000715  __aeabi_memclr8                
00000679  __aeabi_memcpy                 
00000679  __aeabi_memcpy4                
00000679  __aeabi_memcpy8                
00000717  __aeabi_memset                 
00000717  __aeabi_memset4                
00000717  __aeabi_memset8                
ffffffff  __binit__                      
ffffffff  __c_args__                     
00000583  __mpu_init                     
20000000  __stack                        
000009d5  _args_main                     
00000869  _c_int00                       
2000020c  _lock                          
000009fb  _nop                           
000009f3  _register_lock                 
000009ed  _register_unlock               
0000078f  _system_post_cinit             
00000a4b  _system_pre_init               
20000210  _unlock                        
000008c1  abort                          
ffffffff  binit                          
00000911  copy_in                        
000008c9  exit                           
00000000  g_pfnVectors                   
000002e5  lab1_1                         
000002b3  lab1_2                         
00000351  lab1_3                         
0000041d  main                           
20000214  main_func_sp                   
00000679  memcpy                         
0000071d  memset                         
0000027d  pin_config                     
0000026d  setup                          


GLOBAL SYMBOLS: SORTED BY Symbol Address 

address   name                           
-------   ----                           
00000000  __TI_static_base__             
00000000  g_pfnVectors                   
00000200  __STACK_SIZE                   
0000026d  setup                          
0000027d  pin_config                     
000002b3  lab1_2                         
000002e5  lab1_1                         
00000351  lab1_3                         
0000041d  main                           
00000451  GPIOPadConfigSet               
00000583  __mpu_init                     
00000585  SysCtlClockSet                 
00000679  __aeabi_memcpy                 
00000679  __aeabi_memcpy4                
00000679  __aeabi_memcpy8                
00000679  memcpy                         
00000715  __aeabi_memclr                 
00000715  __aeabi_memclr4                
00000715  __aeabi_memclr8                
00000717  __aeabi_memset                 
00000717  __aeabi_memset4                
00000717  __aeabi_memset8                
0000071d  memset                         
0000078f  _system_post_cinit             
00000791  __TI_auto_init                 
00000801  __TI_decompress_lzss           
00000869  _c_int00                       
000008bd  C$$EXIT                        
000008c1  abort                          
000008c9  exit                           
00000911  copy_in                        
0000095d  SysCtlPeripheralEnable         
00000991  GPIODirModeSet                 
000009bb  GPIOPinTypeGPIOOutput          
000009d5  _args_main                     
000009ed  _register_unlock               
000009f3  _register_lock                 
000009fb  _nop                           
00000a01  GPIOPinTypeGPIOInput           
00000a13  __TI_decompress_none           
00000a21  __TI_zero_init                 
00000a2d  ResetISR                       
00000a39  GPIOPinRead                    
00000a3f  GPIOPinWrite                   
00000a45  SysCtlDelay                    
00000a4b  _system_pre_init               
00000a64  __TI_Handler_Table_Base        
00000a70  __TI_Handler_Table_Limit       
00000a78  __TI_CINIT_Base                
00000a88  __TI_CINIT_Limit               
20000000  __stack                        
20000200  __STACK_END                    
20000200  __STACK_TOP                    
20000200  __TI_cleanup_ptr               
20000204  __TI_dtors_ptr                 
20000208  __TI_enable_exit_profile_output
2000020c  _lock                          
20000210  _unlock                        
20000214  main_func_sp                   
ffffffff  __TI_pprof_out_hndl            
ffffffff  __TI_prof_data_size            
ffffffff  __TI_prof_data_start           
ffffffff  __binit__                      
ffffffff  __c_args__                     
ffffffff  binit                          
UNDEFED   SHT$$INIT_ARRAY$$Base          
UNDEFED   SHT$$INIT_ARRAY$$Limit         

[67 symbols]
